<html>
<body>
<pre>
<h1>µVision Build Log</h1>
<h2>Project:</h2>
C:\Users\Student\Desktop\5180_5181\lab6\q1\q1.uvproj
Project File Date:  03/29/2023

<h2>Output:</h2>
Build target 'Target 1'
compiling q3.c...
linking...
Program Size: Code=1272 RO-data=312 RW-data=16 ZI-data=608  
FromELF: creating hex file...
".\q1.axf" - 0 Error(s), 0 Warning(s).
- 1 Error(s), 0 Warning(s).
Target not created
created
arning, 1 error
".\q1.axf" - 1 Error(s), 1 Warning(s).
Target not created
ta=12 ZI-data=612  
FromELF: creating hex file...
".\q1.axf" - 0 Error(s), 2 Warning(s).
fined (by q2.o and q1.o).
.\q1.axf: Error: L6200E: Symbol j multiply defined (by q2.o and q1.o).
.\q1.axf: Error: L6200E: Symbol main multiply defined (by q2.o and q1.o).
Not enough information to list image symbols.
Not enough information to list the image map.
Finished: 2 information, 0 warning and 4 error messages.
".\q1.axf" - 4 Error(s), 2 Warning(s).
Target not created
